
> test
> vitest run --reporter=default --reporter=json --outputFile=test-result.json hono-app.medium.test.ts


[1m[30m[46m RUN [49m[39m[22m [36mv4.1.4 [39m[90mC:/Users/Kazum/Desktop/programming/AI/website/tddTodoApp/backend[39m

 [31mΓ¥»[39m src/tests/integrations/infrastructure/hono-app.medium.test.ts [2m([22m[2m40 tests[22m[2m | [22m[31m18 failed[39m[2m)[22m[32m 198[2mms[22m[39m
       [32mΓ£ô[39m GET / returns 200 with text response[32m 17[2mms[22m[39m
       [32mΓ£ô[39m GET /unknown returns 404[32m 1[2mms[22m[39m
       [32mΓ£ô[39m GET /api/v1/unknown returns 404[32m 1[2mms[22m[39m
       [32mΓ£ô[39m POST /api/v1/unknown returns 404[32m 1[2mms[22m[39m
       [32mΓ£ô[39m GET /api/v1/apps returns application/json Content-Type[32m 1[2mms[22m[39m
       [32mΓ£ô[39m POST /api/v1/apps returns application/json Content-Type on success[32m 2[2mms[22m[39m
       [32mΓ£ô[39m POST /api/v1/apps returns application/json Content-Type on error[32m 1[2mms[22m[39m
       [32mΓ£ô[39m POST with non-JSON body falls back to empty body (returns 422)[32m 1[2mms[22m[39m
       [32mΓ£ô[39m PUT with no body is accepted as no-op update (200)[32m 2[2mms[22m[39m
       [32mΓ£ô[39m POST /api/v1/apps creates an app (201)[32m 1[2mms[22m[39m
       [32mΓ£ô[39m GET /api/v1/apps lists apps (200)[32m 1[2mms[22m[39m
       [32mΓ£ô[39m GET /api/v1/apps/:id gets app (200)[32m 1[2mms[22m[39m
       [32mΓ£ô[39m PUT /api/v1/apps/:id updates app (200)[32m 2[2mms[22m[39m
       [32mΓ£ô[39m DELETE /api/v1/apps/:id deletes app (200)[32m 1[2mms[22m[39m
       [32mΓ£ô[39m POST /api/v1/apps/:id/todos creates a todo (201)[32m 1[2mms[22m[39m
       [32mΓ£ô[39m GET /api/v1/apps/:id/todos lists todos (200)[32m 1[2mms[22m[39m
[31m         [31m├ù[31m should log GET /api/v1/apps with method, path, status, and response time when successful[39m[32m 5[2mms[22m[39m
[31m         [31m├ù[31m should log POST /api/v1/apps with 201 status code when app created successfully[39m[32m 1[2mms[22m[39m
[31m         [31m├ù[31m should log GET /api/v1/apps/:id with correct method and status code[39m[32m 1[2mms[22m[39m
[31m         [31m├ù[31m should log PUT /api/v1/apps/:id with method and status code when updated successfully[39m[32m 1[2mms[22m[39m
[31m         [31m├ù[31m should log DELETE /api/v1/apps/:id with method and status code when deleted successfully[39m[32m 1[2mms[22m[39m
[31m         [31m├ù[31m should log POST /api/v1/auth/signup when user created successfully with 201 status[39m[32m 1[2mms[22m[39m
[31m         [31m├ù[31m should log POST /api/v1/auth/login when user logs in successfully with 200 status[39m[32m 1[2mms[22m[39m
         [32mΓ£ô[39m should NOT log validation error responses (422) from POST /api/v1/apps with invalid body[32m 1[2mms[22m[39m
         [32mΓ£ô[39m should NOT log 404 error responses from GET /api/v1/unknown[32m 1[2mms[22m[39m
         [32mΓ£ô[39m should NOT log 409 conflict error from POST /api/v1/auth/signup when email already exists[32m 1[2mms[22m[39m
         [32mΓ£ô[39m should NOT log 401 unauthorized error from POST /api/v1/auth/login with invalid credentials[32m 1[2mms[22m[39m
         [32mΓ£ô[39m should NOT log GET / root route even when successful (200)[32m 0[2mms[22m[39m
         [32mΓ£ô[39m should NOT log GET /doc route even when successful (200)[32m 142[2mms[22m[39m
[31m         [31m├ù[31m should include [METHOD] format in log message[39m[32m 2[2mms[22m[39m
[31m         [31m├ù[31m should include path after method in log message[39m[32m 1[2mms[22m[39m
[31m         [31m├ù[31m should include status code (200) in log message[39m[32m 1[2mms[22m[39m
[31m         [31m├ù[31m should include status code (201) in log message for created resources[39m[32m 1[2mms[22m[39m
[31m         [31m├ù[31m should include response time in milliseconds (ms) in log message[39m[32m 1[2mms[22m[39m
[31m         [31m├ù[31m should include arrow separator (ΓåÆ) between path and status in log message[39m[32m 0[2mms[22m[39m
[31m         [31m├ù[31m should have response time in parentheses in log message[39m[32m 0[2mms[22m[39m
[31m         [31m├ù[31m should log multiple sequential successful API requests independently[39m[32m 1[2mms[22m[39m
[31m         [31m├ù[31m should log successful request but not the subsequent failed request[39m[32m 1[2mms[22m[39m
[31m         [31m├ù[31m should measure response time in milliseconds with numeric value[39m[32m 1[2mms[22m[39m
[31m         [31m├ù[31m should record response time as positive integer for successful requests[39m[32m 1[2mms[22m[39m

ΓÄ»ΓÄ»ΓÄ»ΓÄ»ΓÄ»ΓÄ» Failed Tests 18 ΓÄ»ΓÄ»ΓÄ»ΓÄ»ΓÄ»ΓÄ»ΓÄ»

 FAIL  src/tests/integrations/infrastructure/hono-app.medium.test.ts > HonoApp integration > API request/response logging middleware > Happy Path - Successful API requests logging > should log GET /api/v1/apps with method, path, status, and response time when successful
AssertionError: expected "log" to be called at least once
 Γ¥» src/tests/integrations/infrastructure/hono-app.medium.test.ts:186:31
    184|
    185|         // Assert
    186|         expect(consoleLogSpy).toHaveBeenCalled();
       |                               ^
    187|         const logCall = consoleLogSpy.mock.calls.find(call =>
    188|           typeof call[0] === 'string' && call[0].includes('GET') && caΓÇª

ΓÄ»ΓÄ»ΓÄ»ΓÄ»ΓÄ»ΓÄ»ΓÄ»ΓÄ»ΓÄ»ΓÄ»ΓÄ»ΓÄ»ΓÄ»ΓÄ»ΓÄ»ΓÄ»ΓÄ»ΓÄ»ΓÄ»ΓÄ»ΓÄ»ΓÄ»ΓÄ»[1/18]ΓÄ»

 FAIL  src/tests/integrations/infrastructure/hono-app.medium.test.ts > HonoApp integration > API request/response logging middleware > Happy Path - Successful API requests logging > should log POST /api/v1/apps with 201 status code when app created successfully
AssertionError: expected "log" to be called at least once
 Γ¥» src/tests/integrations/infrastructure/hono-app.medium.test.ts:208:31
    206|
    207|         // Assert
    208|         expect(consoleLogSpy).toHaveBeenCalled();
       |                               ^
    209|         const logCall = consoleLogSpy.mock.calls.find(call =>
    210|           typeof call[0] === 'string' && call[0].includes('POST') && cΓÇª

ΓÄ»ΓÄ»ΓÄ»ΓÄ»ΓÄ»ΓÄ»ΓÄ»ΓÄ»ΓÄ»ΓÄ»ΓÄ»ΓÄ»ΓÄ»ΓÄ»ΓÄ»ΓÄ»ΓÄ»ΓÄ»ΓÄ»ΓÄ»ΓÄ»ΓÄ»ΓÄ»[2/18]ΓÄ»

 FAIL  src/tests/integrations/infrastructure/hono-app.medium.test.ts > HonoApp integration > API request/response logging middleware > Happy Path - Successful API requests logging > should log GET /api/v1/apps/:id with correct method and status code
AssertionError: expected "log" to be called at least once
 Γ¥» src/tests/integrations/infrastructure/hono-app.medium.test.ts:232:31
    230|
    231|         // Assert
    232|         expect(consoleLogSpy).toHaveBeenCalled();
       |                               ^
    233|         const logCall = consoleLogSpy.mock.calls.find(call =>
    234|           typeof call[0] === 'string' && call[0].includes('GET') && caΓÇª

ΓÄ»ΓÄ»ΓÄ»ΓÄ»ΓÄ»ΓÄ»ΓÄ»ΓÄ»ΓÄ»ΓÄ»ΓÄ»ΓÄ»ΓÄ»ΓÄ»ΓÄ»ΓÄ»ΓÄ»ΓÄ»ΓÄ»ΓÄ»ΓÄ»ΓÄ»ΓÄ»[3/18]ΓÄ»

 FAIL  src/tests/integrations/infrastructure/hono-app.medium.test.ts > HonoApp integration > API request/response logging middleware > Happy Path - Successful API requests logging > should log PUT /api/v1/apps/:id with method and status code when updated successfully
AssertionError: expected "log" to be called at least once
 Γ¥» src/tests/integrations/infrastructure/hono-app.medium.test.ts:254:31
    252|
    253|         // Assert
    254|         expect(consoleLogSpy).toHaveBeenCalled();
       |                               ^
    255|         const logCall = consoleLogSpy.mock.calls.find(call =>
    256|           typeof call[0] === 'string' && call[0].includes('PUT') && caΓÇª

ΓÄ»ΓÄ»ΓÄ»ΓÄ»ΓÄ»ΓÄ»ΓÄ»ΓÄ»ΓÄ»ΓÄ»ΓÄ»ΓÄ»ΓÄ»ΓÄ»ΓÄ»ΓÄ»ΓÄ»ΓÄ»ΓÄ»ΓÄ»ΓÄ»ΓÄ»ΓÄ»[4/18]ΓÄ»

 FAIL  src/tests/integrations/infrastructure/hono-app.medium.test.ts > HonoApp integration > API request/response logging middleware > Happy Path - Successful API requests logging > should log DELETE /api/v1/apps/:id with method and status code when deleted successfully
AssertionError: expected "log" to be called at least once
 Γ¥» src/tests/integrations/infrastructure/hono-app.medium.test.ts:276:31
    274|
    275|         // Assert
    276|         expect(consoleLogSpy).toHaveBeenCalled();
       |                               ^
    277|         const logCall = consoleLogSpy.mock.calls.find(call =>
    278|           typeof call[0] === 'string' && call[0].includes('DELETE') &&ΓÇª

ΓÄ»ΓÄ»ΓÄ»ΓÄ»ΓÄ»ΓÄ»ΓÄ»ΓÄ»ΓÄ»ΓÄ»ΓÄ»ΓÄ»ΓÄ»ΓÄ»ΓÄ»ΓÄ»ΓÄ»ΓÄ»ΓÄ»ΓÄ»ΓÄ»ΓÄ»ΓÄ»[5/18]ΓÄ»

 FAIL  src/tests/integrations/infrastructure/hono-app.medium.test.ts > HonoApp integration > API request/response logging middleware > Happy Path - Successful API requests logging > should log POST /api/v1/auth/signup when user created successfully with 201 status
AssertionError: expected "log" to be called at least once
 Γ¥» src/tests/integrations/infrastructure/hono-app.medium.test.ts:299:31
    297|
    298|         // Assert
    299|         expect(consoleLogSpy).toHaveBeenCalled();
       |                               ^
    300|         const logCall = consoleLogSpy.mock.calls.find(call =>
    301|           typeof call[0] === 'string' && call[0].includes('POST') && cΓÇª

ΓÄ»ΓÄ»ΓÄ»ΓÄ»ΓÄ»ΓÄ»ΓÄ»ΓÄ»ΓÄ»ΓÄ»ΓÄ»ΓÄ»ΓÄ»ΓÄ»ΓÄ»ΓÄ»ΓÄ»ΓÄ»ΓÄ»ΓÄ»ΓÄ»ΓÄ»ΓÄ»[6/18]ΓÄ»

 FAIL  src/tests/integrations/infrastructure/hono-app.medium.test.ts > HonoApp integration > API request/response logging middleware > Happy Path - Successful API requests logging > should log POST /api/v1/auth/login when user logs in successfully with 200 status
AssertionError: expected "log" to be called at least once
 Γ¥» src/tests/integrations/infrastructure/hono-app.medium.test.ts:328:31
    326|
    327|         // Assert
    328|         expect(consoleLogSpy).toHaveBeenCalled();
       |                               ^
    329|         const logCall = consoleLogSpy.mock.calls.find(call =>
    330|           typeof call[0] === 'string' && call[0].includes('POST') && cΓÇª

ΓÄ»ΓÄ»ΓÄ»ΓÄ»ΓÄ»ΓÄ»ΓÄ»ΓÄ»ΓÄ»ΓÄ»ΓÄ»ΓÄ»ΓÄ»ΓÄ»ΓÄ»ΓÄ»ΓÄ»ΓÄ»ΓÄ»ΓÄ»ΓÄ»ΓÄ»ΓÄ»[7/18]ΓÄ»

 FAIL  src/tests/integrations/infrastructure/hono-app.medium.test.ts > HonoApp integration > API request/response logging middleware > Log Format Specification > should include [METHOD] format in log message
AssertionError: expected undefined to be defined
 Γ¥» src/tests/integrations/infrastructure/hono-app.medium.test.ts:471:25
    469|           typeof call[0] === 'string' && call[0].includes('[GET]')
    470|         );
    471|         expect(logCall).toBeDefined();
       |                         ^
    472|         const logMessage = logCall![0] as string;
    473|         expect(logMessage).toMatch(/^\[GET\]/); // Should start with [ΓÇª

ΓÄ»ΓÄ»ΓÄ»ΓÄ»ΓÄ»ΓÄ»ΓÄ»ΓÄ»ΓÄ»ΓÄ»ΓÄ»ΓÄ»ΓÄ»ΓÄ»ΓÄ»ΓÄ»ΓÄ»ΓÄ»ΓÄ»ΓÄ»ΓÄ»ΓÄ»ΓÄ»[8/18]ΓÄ»

 FAIL  src/tests/integrations/infrastructure/hono-app.medium.test.ts > HonoApp integration > API request/response logging middleware > Log Format Specification > should include path after method in log message
AssertionError: expected undefined to be defined
 Γ¥» src/tests/integrations/infrastructure/hono-app.medium.test.ts:488:25
    486|           typeof call[0] === 'string' && call[0].includes('[GET]')
    487|         );
    488|         expect(logCall).toBeDefined();
       |                         ^
    489|         const logMessage = logCall![0] as string;
    490|         expect(logMessage).toContain('/api/v1/apps');

ΓÄ»ΓÄ»ΓÄ»ΓÄ»ΓÄ»ΓÄ»ΓÄ»ΓÄ»ΓÄ»ΓÄ»ΓÄ»ΓÄ»ΓÄ»ΓÄ»ΓÄ»ΓÄ»ΓÄ»ΓÄ»ΓÄ»ΓÄ»ΓÄ»ΓÄ»ΓÄ»[9/18]ΓÄ»

 FAIL  src/tests/integrations/infrastructure/hono-app.medium.test.ts > HonoApp integration > API request/response logging middleware > Log Format Specification > should include status code (200) in log message
AssertionError: expected undefined to be defined
 Γ¥» src/tests/integrations/infrastructure/hono-app.medium.test.ts:505:25
    503|           typeof call[0] === 'string' && call[0].includes('[GET]')
    504|         );
    505|         expect(logCall).toBeDefined();
       |                         ^
    506|         const logMessage = logCall![0] as string;
    507|         expect(logMessage).toContain('200');

ΓÄ»ΓÄ»ΓÄ»ΓÄ»ΓÄ»ΓÄ»ΓÄ»ΓÄ»ΓÄ»ΓÄ»ΓÄ»ΓÄ»ΓÄ»ΓÄ»ΓÄ»ΓÄ»ΓÄ»ΓÄ»ΓÄ»ΓÄ»ΓÄ»ΓÄ»[10/18]ΓÄ»

 FAIL  src/tests/integrations/infrastructure/hono-app.medium.test.ts > HonoApp integration > API request/response logging middleware > Log Format Specification > should include status code (201) in log message for created resources
AssertionError: expected undefined to be defined
 Γ¥» src/tests/integrations/infrastructure/hono-app.medium.test.ts:522:25
    520|           typeof call[0] === 'string' && call[0].includes('[POST]')
    521|         );
    522|         expect(logCall).toBeDefined();
       |                         ^
    523|         const logMessage = logCall![0] as string;
    524|         expect(logMessage).toContain('201');

ΓÄ»ΓÄ»ΓÄ»ΓÄ»ΓÄ»ΓÄ»ΓÄ»ΓÄ»ΓÄ»ΓÄ»ΓÄ»ΓÄ»ΓÄ»ΓÄ»ΓÄ»ΓÄ»ΓÄ»ΓÄ»ΓÄ»ΓÄ»ΓÄ»ΓÄ»[11/18]ΓÄ»

 FAIL  src/tests/integrations/infrastructure/hono-app.medium.test.ts > HonoApp integration > API request/response logging middleware > Log Format Specification > should include response time in milliseconds (ms) in log message
AssertionError: expected undefined to be defined
 Γ¥» src/tests/integrations/infrastructure/hono-app.medium.test.ts:539:25
    537|           typeof call[0] === 'string' && call[0].includes('[GET]')
    538|         );
    539|         expect(logCall).toBeDefined();
       |                         ^
    540|         const logMessage = logCall![0] as string;
    541|         expect(logMessage).toMatch(/\d+ms/); // Should contain numericΓÇª

ΓÄ»ΓÄ»ΓÄ»ΓÄ»ΓÄ»ΓÄ»ΓÄ»ΓÄ»ΓÄ»ΓÄ»ΓÄ»ΓÄ»ΓÄ»ΓÄ»ΓÄ»ΓÄ»ΓÄ»ΓÄ»ΓÄ»ΓÄ»ΓÄ»ΓÄ»[12/18]ΓÄ»

 FAIL  src/tests/integrations/infrastructure/hono-app.medium.test.ts > HonoApp integration > API request/response logging middleware > Log Format Specification > should include arrow separator (ΓåÆ) between path and status in log message
AssertionError: expected undefined to be defined
 Γ¥» src/tests/integrations/infrastructure/hono-app.medium.test.ts:556:25
    554|           typeof call[0] === 'string' && call[0].includes('[GET]')
    555|         );
    556|         expect(logCall).toBeDefined();
       |                         ^
    557|         const logMessage = logCall![0] as string;
    558|         expect(logMessage).toContain('ΓåÆ');

ΓÄ»ΓÄ»ΓÄ»ΓÄ»ΓÄ»ΓÄ»ΓÄ»ΓÄ»ΓÄ»ΓÄ»ΓÄ»ΓÄ»ΓÄ»ΓÄ»ΓÄ»ΓÄ»ΓÄ»ΓÄ»ΓÄ»ΓÄ»ΓÄ»ΓÄ»[13/18]ΓÄ»

 FAIL  src/tests/integrations/infrastructure/hono-app.medium.test.ts > HonoApp integration > API request/response logging middleware > Log Format Specification > should have response time in parentheses in log message
AssertionError: expected undefined to be defined
 Γ¥» src/tests/integrations/infrastructure/hono-app.medium.test.ts:573:25
    571|           typeof call[0] === 'string' && call[0].includes('[GET]')
    572|         );
    573|         expect(logCall).toBeDefined();
       |                         ^
    574|         const logMessage = logCall![0] as string;
    575|         expect(logMessage).toMatch(/\(\d+ms\)/); // Response time shouΓÇª

ΓÄ»ΓÄ»ΓÄ»ΓÄ»ΓÄ»ΓÄ»ΓÄ»ΓÄ»ΓÄ»ΓÄ»ΓÄ»ΓÄ»ΓÄ»ΓÄ»ΓÄ»ΓÄ»ΓÄ»ΓÄ»ΓÄ»ΓÄ»ΓÄ»ΓÄ»[14/18]ΓÄ»

 FAIL  src/tests/integrations/infrastructure/hono-app.medium.test.ts > HonoApp integration > API request/response logging middleware > Multiple API request logging > should log multiple sequential successful API requests independently
AssertionError: expected 0 to be greater than or equal to 2
 Γ¥» src/tests/integrations/infrastructure/hono-app.medium.test.ts:592:49
    590|
    591|         // Assert
    592|         expect(consoleLogSpy.mock.calls.length).toBeGreaterThanOrEqualΓÇª
       |                                                 ^
    593|         const getLogCall = consoleLogSpy.mock.calls.find(call =>
    594|           typeof call[0] === 'string' && call[0].includes('[GET]') && ΓÇª

ΓÄ»ΓÄ»ΓÄ»ΓÄ»ΓÄ»ΓÄ»ΓÄ»ΓÄ»ΓÄ»ΓÄ»ΓÄ»ΓÄ»ΓÄ»ΓÄ»ΓÄ»ΓÄ»ΓÄ»ΓÄ»ΓÄ»ΓÄ»ΓÄ»ΓÄ»[15/18]ΓÄ»

 FAIL  src/tests/integrations/infrastructure/hono-app.medium.test.ts > HonoApp integration > API request/response logging middleware > Multiple API request logging > should log successful request but not the subsequent failed request
AssertionError: expected 0 to be greater than or equal to 1
 Γ¥» src/tests/integrations/infrastructure/hono-app.medium.test.ts:619:40
    617|           typeof call[0] === 'string' && call[0].includes('[POST]') &&ΓÇª
    618|         );
    619|         expect(postSuccessLogs.length).toBeGreaterThanOrEqual(1);
       |                                        ^
    620|
    621|         // Should NOT have a log for the failed POST (422)

ΓÄ»ΓÄ»ΓÄ»ΓÄ»ΓÄ»ΓÄ»ΓÄ»ΓÄ»ΓÄ»ΓÄ»ΓÄ»ΓÄ»ΓÄ»ΓÄ»ΓÄ»ΓÄ»ΓÄ»ΓÄ»ΓÄ»ΓÄ»ΓÄ»ΓÄ»[16/18]ΓÄ»

 FAIL  src/tests/integrations/infrastructure/hono-app.medium.test.ts > HonoApp integration > API request/response logging middleware > Response time measurement accuracy > should measure response time in milliseconds with numeric value
AssertionError: expected undefined to be defined
 Γ¥» src/tests/integrations/infrastructure/hono-app.medium.test.ts:642:25
    640|           typeof call[0] === 'string' && call[0].includes('[GET]')
    641|         );
    642|         expect(logCall).toBeDefined();
       |                         ^
    643|         const logMessage = logCall![0] as string;
    644|         const timeMatch = logMessage.match(/\((\d+)ms\)/);

ΓÄ»ΓÄ»ΓÄ»ΓÄ»ΓÄ»ΓÄ»ΓÄ»ΓÄ»ΓÄ»ΓÄ»ΓÄ»ΓÄ»ΓÄ»ΓÄ»ΓÄ»ΓÄ»ΓÄ»ΓÄ»ΓÄ»ΓÄ»ΓÄ»ΓÄ»[17/18]ΓÄ»

 FAIL  src/tests/integrations/infrastructure/hono-app.medium.test.ts > HonoApp integration > API request/response logging middleware > Response time measurement accuracy > should record response time as positive integer for successful requests
AssertionError: expected undefined to be defined
 Γ¥» src/tests/integrations/infrastructure/hono-app.medium.test.ts:661:25
    659|           typeof call[0] === 'string' && call[0].includes('[POST]')
    660|         );
    661|         expect(logCall).toBeDefined();
       |                         ^
    662|         const logMessage = logCall![0] as string;
    663|         const timeMatch = logMessage.match(/\((\d+)ms\)/);

ΓÄ»ΓÄ»ΓÄ»ΓÄ»ΓÄ»ΓÄ»ΓÄ»ΓÄ»ΓÄ»ΓÄ»ΓÄ»ΓÄ»ΓÄ»ΓÄ»ΓÄ»ΓÄ»ΓÄ»ΓÄ»ΓÄ»ΓÄ»ΓÄ»ΓÄ»[18/18]ΓÄ»


[2m Test Files [22m [1m[31m1 failed[39m[22m[90m (1)[39m
[2m      Tests [22m [1m[31m18 failed[39m[22m[2m | [22m[1m[32m22 passed[39m[22m[90m (40)[39m
[2m   Start at [22m 18:26:56
[2m   Duration [22m 584ms[2m (transform 92ms, setup 0ms, import 278ms, tests 198ms, environment 0ms)[22m

JSON report written to C:/Users/Kazum/Desktop/programming/AI/website/tddTodoApp/backend/test-result.json
